REF_DRUG_NAME								REF_CHEMBL_ID	REF_DRUGBANK_ID	ALT_DRUG_NAME								ALT_CHEMBL_ID
Antihemophilic factor, human recombinant	CHEMBL2108175	DB00025			ANTIHEMOPHILIC FACTOR, HUMAN RECOMBINANT	CHEMBL4297873
Pegademase									CHEMBL1201514	DB00061			PEGADEMASE									CHEMBL1201703
Follitropin									CHEMBL1201692	DB00066			FOLLITROPIN									CHEMBL4297955
Alanine										CHEMBL279597	DB00160			ALANINE										CHEMBL12198
Doxycycline									CHEMBL1433		DB00254			DOXYCYCLINE									CHEMBL1200699
Streptozocin								CHEMBL1603		DB00428			STREPTOZOCIN								CHEMBL1651906
Verteporfin									CHEMBL2052016	DB00460			VERTEPORFIN									CHEMBL2218885
Nabilone									CHEMBL947		DB00486			NABILONE									CHEMBL2218896
Vincristine									CHEMBL499458	DB00541			VINCRISTINE									CHEMBL90555
Cisapride									CHEMBL560739	DB00604			CISAPRIDE									CHEMBL1729
Gonadorelin									CHEMBL1981292	DB00644			GONADORELIN									CHEMBL1007
Magnesium sulfate							CHEMBL2021423	DB00653			MAGNESIUM SULFATE							CHEMBL3989857
Fluorescein									CHEMBL1057		DB00693			FLUORESCEIN									CHEMBL4297067
Granisetron									CHEMBL1290003	DB00889			GRANISETRON									CHEMBL289469
Heparin										CHEMBL1909300	DB01109			HEPARIN										CHEMBL4650299
Procaterol									CHEMBL3249705	DB01366			PROCATEROL									CHEMBL160519
Ajmaline									CHEMBL2357792	DB01426			AJMALINE									CHEMBL2105617
Allylestrenol								CHEMBL3185133	DB01431			ALLYLESTRENOL								CHEMBL2105618
Dextromoramide								CHEMBL2365707	DB01529			DEXTROMORAMIDE								CHEMBL3833389
Hyperforin									CHEMBL1237210	DB01892			HYPERFORIN									CHEMBL501711
Eucalyptol									CHEMBL1231862	DB03852			EUCALYPTOL									CHEMBL485259
Oleic Acid									CHEMBL460657	DB04224			OLEIC ACID									CHEMBL8659
Huperzine A									CHEMBL395280	DB04864			HUPERZINE A									CHEMBL1255901
Calanolide A								CHEMBL267447	DB04886			CALANOLIDE A								CHEMBL270362
Vapreotide									CHEMBL3349523	DB04894			VAPREOTIDE									CHEMBL2103975
PX-478										CHEMBL4061538	DB06082			PX-478										CHEMBL4297816
Alicaforsen									N/A				DB06224			ALICAFORSEN									CHEMBL2108326
Talnetant									CHEMBL275544	DB06429			TALNETANT									CHEMBL10188
Lestaurtinib								CHEMBL175105	DB06469			LESTAURTINIB								CHEMBL603469
Pasireotide									CHEMBL3349607	DB06663			PASIREOTIDE									CHEMBL3039583
Sparteine									CHEMBL1908847	DB06727			SPARTEINE									CHEMBL412873
DPDPE										CHEMBL31421		DB08861			DPDPE										CHEMBL294616
Parnaparin									N/A				DB09260			PARNAPARIN									CHEMBL3707207
Silibinin									CHEMBL431701	DB09298			SILIBININ									CHEMBL9509
Cocoa										N/A				DB10977			COCOA										CHEMBL2108233
Silicon dioxide								CHEMBL3188292	DB11132			SILICON DIOXIDE								CHEMBL2108563
Calcium glycerophosphate					CHEMBL3707206	DB11264			CALCIUM GLYCEROPHOSPHATE					CHEMBL2106124
Sennosides									CHEMBL54481		DB11365			SENNOSIDES									CHEMBL2108559
Thiocolchicoside							CHEMBL213907	DB11582			THIOCOLCHICOSIDE							CHEMBL1705373
Temoporfin									CHEMBL500576	DB11630			TEMOPORFIN									CHEMBL383675
Artenimol									CHEMBL25164		DB11638			ARTENIMOL									CHEMBL252518
Curcumin									CHEMBL140		DB11672			CURCUMIN									CHEMBL116438
Ruzasvir									CHEMBL3971095	DB11713			RUZASVIR									CHEMBL3833385
BQ-123										CHEMBL314691	DB12054			BQ-123										CHEMBL1269102
Beclabuvir									CHEMBL4105584	DB12225			BECLABUVIR									CHEMBL3126842
CP-601927									CHEMBL3341965	DB12244			CP-601927									CHEMBL3707250
BMS-863233									CHEMBL2030402	DB12357			BMS-863233									CHEMBL3544944
Sulforaphane								CHEMBL128136	DB12422			SULFORAPHANE								CHEMBL48802
Derenofylline								N/A				DB12446			DERENOFYLLINE								CHEMBL592435
Pf-04531083									CHEMBL3589904	DB12468			PF-04531083									CHEMBL3544951
Tetrahydrouridine							CHEMBL2311128	DB12484			TETRAHYDROURIDINE							CHEMBL1236475
MK-5108										CHEMBL3600873	DB12556			MK-5108										CHEMBL3182444
Tocotrienol									CHEMBL120643	DB12647			TOCOTRIENOL									CHEMBL4297330
Metenkefalin								CHEMBL13786		DB12668			METENKEFALIN								CHEMBL2108291
Perfosfamide								CHEMBL421584	DB12727			PERFOSFAMIDE								CHEMBL61511
Hydroxytyrosol								CHEMBL1950045	DB12771			HYDROXYTYROSOL								CHEMBL485747
Buthionine sulfoximine						CHEMBL1256575	DB12870			BUTHIONINE SULFOXIMINE						CHEMBL1609891
Roniciclib									N/A				DB12974			RONICICLIB									CHEMBL4442620
VS-5584										CHEMBL3393066	DB12986			VS-5584										CHEMBL1079593
LY-2874455									CHEMBL3828009	DB13022			LY-2874455									CHEMBL3545264
PF-03814735									N/A				DB13059			PF-03814735									CHEMBL3545078
CEP-37440									CHEMBL3951811	DB13060			CEP-37440									CHEMBL3545051
Artemisinin									CHEMBL269671	DB13132			ARTEMISININ									CHEMBL567597
Cymarin										CHEMBL1075788	DB13240			CYMARIN										CHEMBL1651908
Suloctidil									CHEMBL1520837	DB13340			SULOCTIDIL									CHEMBL404849
Midecamycin									CHEMBL444963	DB13456			MIDECAMYCIN									CHEMBL1908336
Phenazocine									CHEMBL316632	DB13606			PHENAZOCINE									CHEMBL46399
Tretoquinol									CHEMBL174984	DB13692			TRETOQUINOL									CHEMBL299175
Sulbenicillin								CHEMBL3306853	DB13693			SULBENICILLIN								CHEMBL1256734
Tilidine									CHEMBL2104560	DB13787			TILIDINE									CHEMBL2220384
Clopamide									CHEMBL1605650	DB13792			CLOPAMIDE									CHEMBL1361347
Oblimersen									N/A				DB13811			OBLIMERSEN									CHEMBL2108324
Semaglutide									CHEMBL3616752	DB13928			SEMAGLUTIDE									CHEMBL2108724
PF-05089771									CHEMBL2325014	DB14856			PF-05089771									CHEMBL3545171
Rovafovir etalafenamide						N/A				DB14903			ROVAFOVIR ETALAFENAMIDE						CHEMBL4594257
Ceralasertib								N/A				DB14917			CERALASERTIB								CHEMBL4285417
LGH-447										CHEMBL3651966	DB14943			LGH-447										CHEMBL3545194
AZD-7687									CHEMBL2178953	DB14949			AZD-7687									CHEMBL4297354
Seltorexant									CHEMBL3586436	DB14961			SELTOREXANT									CHEMBL3597971
Linrodostat									N/A				DB14986			LINRODOSTAT									CHEMBL4297598
Pyrotinib									CHEMBL3647420	DB14993			PYROTINIB									CHEMBL3544956
Vamorolone									CHEMBL2348780	DB15114			VAMOROLONE									CHEMBL3707311
Hydroquinidine								CHEMBL531472	DB15300			HYDROQUINIDINE								CHEMBL1906890
LSZ-102										CHEMBL4076124	DB15362			LSZ-102										CHEMBL4298014
PX-102										CHEMBL3822773	DB15416			PX-102										CHEMBL3545113
CYC-065										CHEMBL3655762	DB15425			CYC-065										CHEMBL4297930
AMG-337										CHEMBL3785909	DB15639			AMG-337										CHEMBL3545212
Dexisometheptene mucate						CHEMBL1476245	DB16136			DEXISOMETHEPTENE MUCATE						CHEMBL3707373
Milciclib Maleate							CHEMBL564829	DB16232			MILCICLIB MALEATE							CHEMBL4297668
AZD-7648									CHEMBL4439259	DB16834			AZD-7648									CHEMBL4650446
Vasoactive intestinal peptide				CHEMBL1981592	DB18634			VASOACTIVE INTESTINAL PEPTIDE				CHEMBL525028
Metelimumab									N/A				DB18695			METELIMUMAB									CHEMBL2108431
taletrectinib								CHEMBL4650361	DB18711			TALETRECTINIB								CHEMBL4650989
Fluorofuranylnorprogesterone F-18			N/A				DB15282			FLUOROFURANYLNORPROGESTERONE F-18			CHEMBL4297379
T-900607									N/A				DB12068			T-900607									CHEMBL4297440